[debug] [2026-08-17T15:20:58.258Z] ----------------------------------------------------------------------
[debug] [2026-08-17T15:20:58.260Z] Command:       C:\Program Files\nodejs\node.exe C:\Users\leticia.mariano\AppData\Roaming\npm\node_modules\firebase-tools\lib\bin\firebase.js init
[debug] [2026-08-17T15:20:58.260Z] CLI Version:   15.27.0
[debug] [2026-08-17T15:20:58.260Z] Platform:      win32
[debug] [2026-08-17T15:20:58.260Z] Node Version:  v24.14.0
[debug] [2026-08-17T15:20:58.260Z] Detected Agent: unknown
[debug] [2026-08-17T15:20:58.260Z] Time:          Mon Aug 17 2026 12:20:58 GMT-0300 (Horário Padrão de Brasília)
[debug] [2026-08-17T15:20:58.260Z] ----------------------------------------------------------------------
[debug] 
[info] 
     ######## #### ########  ######## ########     ###     ######  ########
     ##        ##  ##     ## ##       ##     ##  ##   ##  ##       ##
     ######    ##  ########  ######   ########  #########  ######  ######
     ##        ##  ##    ##  ##       ##     ## ##     ##       ## ##
     ##       #### ##     ## ######## ########  ##     ##  ######  ########

You're about to initialize a Firebase project in this directory:

  C:\Users\leticia.mariano\Downloads\PedidoDeNamoro-moderno\site

[info] 
=== Project Setup
[info] 
[info] First, let's associate this project directory with a Firebase project.
[info] You can create multiple project aliases by running firebase use --add, 
[info] 
[debug] [2026-08-17T15:23:53.693Z] > command requires scopes: ["email","openid","https://www.googleapis.com/auth/cloudplatformprojects.readonly","https://www.googleapis.com/auth/firebase","https://www.googleapis.com/auth/cloud-platform"]
[debug] [2026-08-17T15:23:53.693Z] > authorizing via signed-in user (leticiaschiffel11@gmail.com)
[debug] [2026-08-17T15:23:53.702Z] Checked if tokens are valid: true, expires at: 1786983635526
[debug] [2026-08-17T15:23:53.702Z] Checked if tokens are valid: true, expires at: 1786983635526
[debug] [2026-08-17T15:23:53.703Z] >>> [apiv2][query] GET https://firebase.googleapis.com/v1beta1/projects pageSize=100
[debug] [2026-08-17T15:23:55.057Z] <<< [apiv2][status] GET https://firebase.googleapis.com/v1beta1/projects 200
[debug] [2026-08-17T15:23:55.057Z] <<< [apiv2][body] GET https://firebase.googleapis.com/v1beta1/projects [omitted]
[info] 
=== Hosting Setup
[debug] [2026-08-17T15:24:35.679Z] Checked if tokens are valid: true, expires at: 1786983635526
[debug] [2026-08-17T15:24:35.680Z] Checked if tokens are valid: true, expires at: 1786983635526
[debug] [2026-08-17T15:24:35.680Z] >>> [apiv2][query] GET https://firebase.googleapis.com/v1beta1/projects/amarelo-cac48 [none]
[debug] [2026-08-17T15:24:36.151Z] <<< [apiv2][status] GET https://firebase.googleapis.com/v1beta1/projects/amarelo-cac48 200
[debug] [2026-08-17T15:24:36.151Z] <<< [apiv2][body] GET https://firebase.googleapis.com/v1beta1/projects/amarelo-cac48 {"projectId":"amarelo-cac48","projectNumber":"188593354295","displayName":"AMARelo","name":"projects/amarelo-cac48","resources":{"hostingSite":"amarelo-cac48"},"state":"ACTIVE","labels":{"firebase":"enabled"},"etag":"1_560fe330-d6dc-4045-a93f-bb5bc6882d4a"}
[info] 
[info] Your public directory is the folder (relative to your project directory) that
[info] will contain Hosting assets to be uploaded with firebase deploy. If you
[info] have a build process for your assets, use your build's output directory.
[info] 
[info] 
[info] i  Didn't detect a .git folder. Assuming C:\Users\leticia.mariano\Downloads\PedidoDeNamoro-moderno\site is the project root. 
[info] i  Authorizing with GitHub to upload your service account to a GitHub repository's secrets store. 
[info] 
[info] Visit this URL on this device to log in:
[info] https://github.com/login/oauth/authorize?client_id=89cf50f02ac6aaed3484&state=347792145&redirect_uri=http%3A%2F%2Flocalhost%3A9005&scope=read%3Auser%20repo%20public_repo
[info] 
[info] Waiting for authentication...
[debug] [2026-08-17T15:26:10.897Z] >>> [apiv2][query] POST https://github.com/login/oauth/access_token [none]
[debug] [2026-08-17T15:26:10.898Z] >>> [apiv2][body] POST https://github.com/login/oauth/access_token [stream]
[debug] [2026-08-17T15:26:11.322Z] <<< [apiv2][status] POST https://github.com/login/oauth/access_token 200
[debug] [2026-08-17T15:26:11.322Z] <<< [apiv2][body] POST https://github.com/login/oauth/access_token {"access_token":"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","token_type":"bearer","scope":"read:user,repo"}
[debug] [2026-08-17T15:26:11.339Z] >>> [apiv2][query] GET https://api.github.com/user [none]
[debug] [2026-08-17T15:26:12.901Z] <<< [apiv2][status] GET https://api.github.com/user 200
[debug] [2026-08-17T15:26:12.901Z] <<< [apiv2][body] GET https://api.github.com/user {"login":"NobodyLDev","id":157828711,"node_id":"U_kgDOCWhGZw","avatar_url":"https://avatars.githubusercontent.com/u/157828711?v=4","gravatar_id":"","url":"https://api.github.com/users/NobodyLDev","html_url":"https://github.com/NobodyLDev","followers_url":"https://api.github.com/users/NobodyLDev/followers","following_url":"https://api.github.com/users/NobodyLDev/following{/other_user}","gists_url":"https://api.github.com/users/NobodyLDev/gists{/gist_id}","starred_url":"https://api.github.com/users/NobodyLDev/starred{/owner}{/repo}","subscriptions_url":"https://api.github.com/users/NobodyLDev/subscriptions","organizations_url":"https://api.github.com/users/NobodyLDev/orgs","repos_url":"https://api.github.com/users/NobodyLDev/repos","events_url":"https://api.github.com/users/NobodyLDev/events{/privacy}","received_events_url":"https://api.github.com/users/NobodyLDev/received_events","type":"User","user_view_type":"private","site_admin":false,"name":"Letícia Schiffel Mariano","company":"Singer SVP Worldwide","blog":"","location":"Brazil","email":null,"hireable":null,"bio":"Hi! I'm a beginner developer passionate about learning and building projects.\r\nFeel free to explore my profile, and don't hesitate to reach out with suggestions","twitter_username":null,"notification_email":null,"public_repos":21,"public_gists":0,"followers":6,"following":8,"created_at":"2024-01-26T16:44:56Z","updated_at":"2026-07-09T16:28:24Z","private_gists":0,"total_private_repos":4,"owned_private_repos":4,"disk_usage":106691,"collaborators":0,"two_factor_authentication":false,"plan":{"name":"free","space":976562499,"collaborators":0,"private_repos":10000}}
[info] 
[info] +  Success! Logged into GitHub as NobodyLDev 
[info] 
[debug] [2026-08-17T15:26:30.160Z] >>> [apiv2][query] GET https://api.github.com/repos//actions/secrets/public-key type=owner
[debug] [2026-08-17T15:26:31.059Z] <<< [apiv2][status] GET https://api.github.com/repos//actions/secrets/public-key 404
[debug] [2026-08-17T15:26:31.060Z] <<< [apiv2][body] GET https://api.github.com/repos//actions/secrets/public-key {"message":"Not Found","documentation_url":"https://docs.github.com/rest","status":"404"}
[info] 
[info] 
[error] !  The provided authorization cannot be used with this repository. If this repository is in an organization, did you remember to grant access? 
[info] 
[info] i  Action required: Visit this URL to ensure access has been granted to the appropriate organization(s) for the Firebase CLI GitHub OAuth App: 
[info] https://github.com/settings/connections/applications/89cf50f02ac6aaed3484
[info] 
[debug] [2026-08-17T15:26:31.342Z] >>> [apiv2][query] GET https://api.github.com/repos//actions/secrets/public-key type=owner
[debug] [2026-08-17T15:26:31.873Z] <<< [apiv2][status] GET https://api.github.com/repos//actions/secrets/public-key 404
[debug] [2026-08-17T15:26:31.873Z] <<< [apiv2][body] GET https://api.github.com/repos//actions/secrets/public-key {"message":"Not Found","documentation_url":"https://docs.github.com/rest","status":"404"}
[info] 
[info] 
[error] !  The provided authorization cannot be used with this repository. If this repository is in an organization, did you remember to grant access? 
[info] 
[info] i  Action required: Visit this URL to ensure access has been granted to the appropriate organization(s) for the Firebase CLI GitHub OAuth App: 
[info] https://github.com/settings/connections/applications/89cf50f02ac6aaed3484
[info] 
[debug] [2026-08-17T15:26:40.775Z] >>> [apiv2][query] GET https://api.github.com/repos//actions/secrets/public-key type=owner
[debug] [2026-08-17T15:26:41.224Z] <<< [apiv2][status] GET https://api.github.com/repos//actions/secrets/public-key 404
[debug] [2026-08-17T15:26:41.224Z] <<< [apiv2][body] GET https://api.github.com/repos//actions/secrets/public-key {"message":"Not Found","documentation_url":"https://docs.github.com/rest","status":"404"}
[info] 
[info] 
[error] !  The provided authorization cannot be used with this repository. If this repository is in an organization, did you remember to grant access? 
[info] 
[info] i  Action required: Visit this URL to ensure access has been granted to the appropriate organization(s) for the Firebase CLI GitHub OAuth App: 
[info] https://github.com/settings/connections/applications/89cf50f02ac6aaed3484
[info] 
[debug] [2026-08-17T15:34:57.547Z] >>> [apiv2][query] GET https://api.github.com/repos/Y/actions/secrets/public-key type=owner
[debug] [2026-08-17T15:34:57.725Z] <<< [apiv2][status] GET https://api.github.com/repos/Y/actions/secrets/public-key 404
[debug] [2026-08-17T15:34:57.725Z] <<< [apiv2][body] GET https://api.github.com/repos/Y/actions/secrets/public-key {"message":"Not Found","documentation_url":"https://docs.github.com/rest","status":"404"}
[info] 
[info] 
[error] !  The provided authorization cannot be used with this repository. If this repository is in an organization, did you remember to grant access? 
[info] 
[info] i  Action required: Visit this URL to ensure access has been granted to the appropriate organization(s) for the Firebase CLI GitHub OAuth App: 
[info] https://github.com/settings/connections/applications/89cf50f02ac6aaed3484
[info] 
[debug] [2026-08-17T17:36:19.266Z] ExitPromptError: User force closed the prompt with SIGINT
    at Interface.sigint (C:\Users\leticia.mariano\AppData\Roaming\npm\node_modules\firebase-tools\node_modules\@inquirer\core\dist\commonjs\lib\create-prompt.js:101:37)
    at Interface.emit (node:events:508:28)
    at [_ttyWrite] [as _ttyWrite] (node:internal/readline/interface:1327:18)
    at ReadStream.onkeypress (node:internal/readline/interface:284:20)
    at ReadStream.emit (node:events:520:35)
    at emitKeys (node:internal/readline/utils:371:14)
    at emitKeys.next (<anonymous>)
    at ReadStream.onData (node:internal/readline/emitKeypressEvents:64:36)
    at ReadStream.emit (node:events:508:28)
    at addChunk (node:internal/streams/readable:563:12)
[error] 
[error] Error: An unexpected error has occurred.
